// Jest Snapshot v1, https://goo.gl/fbAQLP

exports[`<App /> render() renders the component 1`] = `
<Container
  tag="div"
>
  <div>
    <img
      alt="Stargazer"
      src="stargazer.svg"
      width="40%"
    />
  </div>
  <Row
    className="mt-3 mx-0"
    tag="div"
  >
    <Connect(FilterButtons) />
  </Row>
  <Row
    className="my-3 mx-0"
    tag="div"
  >
    <Connect(SearchBar) />
  </Row>
  <Row
    className="mb-3"
    tag="div"
  >
    <Connect(SearchPage) />
  </Row>
  <Row
    tag="div"
  >
    <Connect(PageSelect) />
  </Row>
  <Connect(PersonModal) />
</Container>
`;
