// Jest Snapshot v1, https://goo.gl/fbAQLP

exports[`<App /> render() renders the component 1`] = `
<Container
  tag="div"
>
  <Row
    className="my-3 mx-0"
    tag="div"
  >
    <Connect(SearchBar) />
  </Row>
  <Row
    className="mb-3"
    tag="div"
  >
    <Connect(SearchPage) />
  </Row>
</Container>
`;
